// Jest Snapshot v1, https://goo.gl/fbAQLP

exports[`Calculator component Calculator snapshot test 1`] = `
<DocumentFragment>
    <div className="section-content">
      <div className="title-calculator">
        <h4>Lets do some math!</h4>
      </div>
      <div className="calculator-content">
        <p className="quantity-field" data-testid="math-result">
          {showResult()}
        </p>
        <div className="row-buttons">
          <button type="button" className="btn btn-gray-light" onClick={() => { calculatorButton(objCalculator, 'AC'); }}>AC</button>
          <button type="button" className="btn btn-gray-light" onClick={() => { calculatorButton(objCalculator, '+/-'); }}>+/-</button>
          <button type="button" className="btn btn-gray-light" onClick={() => { calculatorButton(objCalculator, '%'); }}>%</button>
          <button type="button" className="btn btn-orange" onClick={() => { calculatorButton(objCalculator, 'รท'); }}>รท</button>
        </div>
        <div className="row-buttons">
          <button type="button" className="btn btn-gray-light" onClick={() => { calculatorButton(objCalculator, '7'); }}>7</button>
          <button type="button" className="btn btn-gray-light" onClick={() => { calculatorButton(objCalculator, '8'); }}>8</button>
          <button type="button" className="btn btn-gray-light" onClick={() => { calculatorButton(objCalculator, '9'); }}>9</button>
          <button type="button" className="btn btn-orange" onClick={() => { calculatorButton(objCalculator, 'x'); }}>x</button>
        </div>
        <div className="row-buttons">
          <button type="button" className="btn btn-gray-light" onClick={() => { calculatorButton(objCalculator, '4'); }}>4</button>
          <button type="button" className="btn btn-gray-light" onClick={() => { calculatorButton(objCalculator, '5'); }}>5</button>
          <button type="button" className="btn btn-gray-light" onClick={() => { calculatorButton(objCalculator, '6'); }}>6</button>
          <button type="button" className="btn btn-orange" onClick={() => { calculatorButton(objCalculator, '-'); }}>-</button>
        </div>
        <div className="row-buttons">
          <button type="button" className="btn btn-gray-light" onClick={() => { calculatorButton(objCalculator, '1'); }}>1</button>
          <button type="button" className="btn btn-gray-light" onClick={() => { calculatorButton(objCalculator, '2'); }}>2</button>
          <button type="button" className="btn btn-gray-light" onClick={() => { calculatorButton(objCalculator, '3'); }}>3</button>
          <button type="button" className="btn btn-orange" onClick={() => { calculatorButton(objCalculator, '+'); }}>+</button>
        </div>
        <div className="row-buttons">
          <button type="button" className="big-btn btn-gray-light" onClick={() => { calculatorButton(objCalculator, '0'); }}>0</button>
          <button type="button" className="btn btn-gray-light" onClick={() => { calculatorButton(objCalculator, '.'); }}>.</button>
          <button type="button" className="btn btn-orange" onClick={() => { calculatorButton(objCalculator, '='); }}>=</button>
        </div>
      </div>
    </div>
</DocumentFragment>
`;
